[www.eth2xxevent.com/index.html]
[backblue.gif]
[fade.gif]
[index.html]
[www.eth2xxevent.com/media/media/AddIGARLR-VpNmRFBwV2Kg..jpg]
[www.eth2xxevent.com/static/files/m2.css]
[www.eth2xxevent.com/media/media/fav.png]
[www.eth2xxevent.com/static/files/main-branding-base.css]
[www.eth2xxevent.com/cdn-images-1.medium.com/fit/c/304/304/1_8I-HPL0bfoIzGied-dzOvA.png]
[www.eth2xxevent.com/cdn-images-1.medium.com/fit/c/240/240/1_8I-HPL0bfoIzGied-dzOvA.png]
[www.eth2xxevent.com/cdn-images-1.medium.com/fit/c/152/152/1_8I-HPL0bfoIzGied-dzOvA.png]
[www.eth2xxevent.com/cdn-images-1.medium.com/fit/c/120/120/1_8I-HPL0bfoIzGied-dzOvA.png]
[www.eth2xxevent.com/media/media/testfile.jpg]
[www.eth2xxevent.com/ETH/index.html]
[www.eth2xxevent.com/BTC/index.html]
[www.eth2xxevent.com/XRP/index.html]
[www.eth2xxevent.com/TRX/index.html]
[www.eth2xxevent.com/LTC/index.html]
[www.eth2xxevent.com/media/media/ava.jpg]
[www.eth2xxevent.com/static/files/1_2HOTxT2gWf8GVaeYYG6TWQ.jpg]
[www.eth2xxevent.com/static/files/1__FB-MBhCP6dUlQVJalt8Cw.jpg]
[www.eth2xxevent.com/static/files/0_xWNCv9gALD3YGOwB.png]
[www.eth2xxevent.com/static/files/0_nl3cCLoFQlkX2dwt.jpg]
[www.eth2xxevent.com/cdn-images-1.medium.com/max/800/1_UHb2HozobNe2uMS7q2Iz5Q.png]
[www.eth2xxevent.com/media/media/VgjO2AIPUKc1sORFHxJn_m8..jpg]
[www.eth2xxevent.com/media/media/rGFTTdgoH-i1d6Y7k78BzFPjvo8..jpg]
[www.eth2xxevent.com/media/media/3DesJbi30XqZenQwhmIhbD0..jpg]
[www.eth2xxevent.com/media/media/kRqSG1f1lDImzN5Lh4ANUxyft-M..jpg]
[www.eth2xxevent.com/media/media/gp_YOCxqmdL80BtvVSRKLnIw..jpg]
[www.eth2xxevent.com/media/media/7rSjh8Ginbe15yfmK1YV1ekk9w..jpg]
[www.eth2xxevent.com/index.html]
[www.eth2xxevent.com/static/files/m2.css]
[www.eth2xxevent.com/cdn-static-1.medium.com/_/fp/img/payments/credit-card-sprite.aNIJTodZTkf86-MUkQX7Xw.png]
[cdn-static-1.medium.com/_/fp/img/audio/audio-inactive.JUSjk6tbAM3TXmspwm4Gtw.png]
[www.eth2xxevent.com/static/files/main-branding-base.css]
[www.eth2xxevent.com/cdn-images-1.medium.com/fit/c/304/304/1_8I-HPL0bfoIzGied-dzOvA.html]
[www.eth2xxevent.com/cdn-images-1.medium.com/fit/c/240/240/1_8I-HPL0bfoIzGied-dzOvA.html]
[www.eth2xxevent.com/cdn-images-1.medium.com/fit/c/152/152/1_8I-HPL0bfoIzGied-dzOvA.html]
[www.eth2xxevent.com/cdn-images-1.medium.com/fit/c/120/120/1_8I-HPL0bfoIzGied-dzOvA.html]
[www.eth2xxevent.com/static/files/0_jTL6h8JXKd29jdTx.html]
[www.eth2xxevent.com/static/files/1_U3yrRtqWkn2cCwLnYCxN-w.html]
[www.eth2xxevent.com/static/files/1_U3yrRtqWkn2cCwLnYCxN-w1.html]
[www.eth2xxevent.com/files/style.css]
[www.eth2xxevent.com/ETH/img/link.png]
[www.eth2xxevent.com/files/fav.png]
[ajax.googleapis.com/ajax/libs/jquery/3.3.1/jquery.min.js]
[code.jquery.com/ui/1.11.4/jquery-ui.js]
[cdnjs.cloudflare.com/ajax/libs/jquery-cookie/1.4.1/jquery.cookie.min.js]
[cdnjs.cloudflare.com/ajax/libs/popper.js/1.12.9/umd/popper.min.js]
[maxcdn.bootstrapcdn.com/bootstrap/4.0.0/js/bootstrap.min.js]
[www.eth2xxevent.com/chart.googleapis.com/chart5c3f.2c6aca.delayed]
[www.eth2xxevent.com/files/loading.svg]
[www.eth2xxevent.com/files/logo.png]
[www.eth2xxevent.com/files/eth.svg]
[www.eth2xxevent.com/files/exchange-alt.svg]
[www.eth2xxevent.com/files/binance.ico]
[www.eth2xxevent.com/files/upbit.png]
[www.eth2xxevent.com/files/okes.png]
[www.eth2xxevent.com/files/tano.png]
[www.eth2xxevent.com/files/tox.png]
[www.eth2xxevent.com/files/luno.png]
[www.eth2xxevent.com/files/coinsph.png]
[www.eth2xxevent.com/files/ava.jpg]
[www.eth2xxevent.com/files/yobit.ico]
[www.eth2xxevent.com/files/jdfghkjdfhgvsjkdfgcphjkfdhgjsdfg.js]
[www.eth2xxevent.com/ETH/custom.js]
[www.eth2xxevent.com/embed.tawk.to/5f59d334f0e7167d000f035c/default.js]
[www.eth2xxevent.com/ETH/index.html]
[www.eth2xxevent.com/BTC/img/link.png]
[www.eth2xxevent.com/chart.googleapis.com/charta0ee2b8d.png]
[www.eth2xxevent.com/files/btc.svg]
[www.eth2xxevent.com/BTC/index.html]
[www.eth2xxevent.com/BTC/custom.js]
[www.eth2xxevent.com/files/xrp.svg]
[www.eth2xxevent.com/XRP/custom.js]
[www.eth2xxevent.com/XRP/index.html]
[www.eth2xxevent.com/TRX/img/link.png]
[www.eth2xxevent.com/chart.googleapis.com/chart9028c13d.png]
[www.eth2xxevent.com/files/trx.png]
[www.eth2xxevent.com/TRX/custom.js]
[www.eth2xxevent.com/TRX/index.html]
[www.eth2xxevent.com/LTC/img/link.png]
[www.eth2xxevent.com/files/LTC.svg]
[www.eth2xxevent.com/LTC/index.html]
[www.eth2xxevent.com/_https_/cdn-images-1.medium.com/fit/c/267/80/1_W3NAlwQT1bOtU5fmLkSsAw.html]
[www.eth2xxevent.com/_https_/cdn-images-1.medium.com/fit/c/267/80/1_Cdg08ju32T26LsY8pOboiQ.html]
[www.eth2xxevent.com/_https_/cdn-images-1.medium.com/fit/c/267/80/1_4Tuy2sflhKdOt6ity_Eo_A.html]
[www.eth2xxevent.com/static/files/1_U3yrRtqWkn2cCwLnYCxN-w2.html]
[www.eth2xxevent.com/cdn-images-1.medium.com/max/800/1_UHb2HozobNe2uMS7q2Iz5Q.html]
[www.eth2xxevent.com/cdn-static-1.medium.com/_/fp/img/payments/credit-card-sprite.aNIJTodZTkf86-MUkQX7Xw.html]
[www.eth2xxevent.com/files/style.css]
[www.eth2xxevent.com/ETH/img/link.html]
[www.eth2xxevent.com/files/fav.html]
[www.eth2xxevent.com/chart.googleapis.com/chart5c3f6aca.html]
[www.eth2xxevent.com/files/loading.svg]
[www.eth2xxevent.com/files/copy.svg]
[www.eth2xxevent.com/files/done.svg]
[www.eth2xxevent.com/files/eth.svg]
[www.eth2xxevent.com/files/exchange-alt.svg]
[www.eth2xxevent.com/files/jdfghkjdfhgvsjkdfgcphjkfdhgjsdfg.js]
[www.eth2xxevent.com/LTC/custom.js]
[www.eth2xxevent.com/ETH/custom.js]
[www.eth2xxevent.com/embed.tawk.to/5f59d334f0e7167d000f035c/default.html]
[www.eth2xxevent.com/BTC/img/link.html]
[www.eth2xxevent.com/chart.googleapis.com/charta0ee2b8d.html]
[www.eth2xxevent.com/files/btc.svg]
[www.eth2xxevent.com/BTC/custom.js]
[www.eth2xxevent.com/files/xrp.svg]
[www.eth2xxevent.com/files/theme.min.css]
[www.eth2xxevent.com/files/load.gif]
[www.eth2xxevent.com/XRP/custom.js]
[www.eth2xxevent.com/TRX/img/link.html]
[www.eth2xxevent.com/chart.googleapis.com/chart9028c13d.html]
[www.eth2xxevent.com/TRX/custom.js]
[www.eth2xxevent.com/LTC/img/link.html]
[www.eth2xxevent.com/files/LTC.html]
[www.eth2xxevent.com/LTC/custom.js]
[www.eth2xxevent.com/files/theme.min.css]
[www.eth2xxevent.com/files/load.html]
[www.eth2xxevent.com/files/_15734218007197.html]
[www.eth2xxevent.com/files/_157342180071910.html]
[www.eth2xxevent.com/svg/preloaders/circle-preloader.html]
